d:\gl\opengl-learning\gllearning\x64\debug\vc143.pdb
d:\gl\opengl-learning\gllearning\x64\debug\vc143.idb
d:\gl\opengl-learning\gllearning\x64\debug\glad.obj
d:\gl\opengl-learning\gllearning\x64\debug\texture.obj
d:\gl\opengl-learning\gllearning\x64\debug\shadermanager.obj
d:\gl\opengl-learning\gllearning\x64\debug\shader.obj
d:\gl\opengl-learning\gllearning\x64\debug\vertexbuffer.obj
d:\gl\opengl-learning\gllearning\x64\debug\vertexarray.obj
d:\gl\opengl-learning\gllearning\x64\debug\indexbuffer.obj
d:\gl\opengl-learning\gllearning\x64\debug\mesh.obj
d:\gl\opengl-learning\gllearning\x64\debug\main.obj
d:\gl\opengl-learning\gllearning\x64\debug\camera.obj
d:\gl\opengl-learning\gllearning\x64\debug\model.obj
d:\gl\opengl-learning\gllearning\x64\debug\imgui_widgets.obj
d:\gl\opengl-learning\gllearning\x64\debug\imgui_tables.obj
d:\gl\opengl-learning\gllearning\x64\debug\imgui_draw.obj
d:\gl\opengl-learning\gllearning\x64\debug\imgui_demo.obj
d:\gl\opengl-learning\gllearning\x64\debug\imgui.obj
d:\gl\opengl-learning\gllearning\x64\debug\imgui_impl_opengl3.obj
d:\gl\opengl-learning\gllearning\x64\debug\imgui_impl_glfw.obj
d:\gl\opengl-learning\x64\debug\gllearning.exe
d:\gl\opengl-learning\x64\debug\gllearning.pdb
d:\gl\opengl-learning\gllearning\x64\debug\gllearning.ilk
d:\gl\opengl-learning\gllearning\x64\debug\gllearning.tlog\cl.command.1.tlog
d:\gl\opengl-learning\gllearning\x64\debug\gllearning.tlog\cl.items.tlog
d:\gl\opengl-learning\gllearning\x64\debug\gllearning.tlog\cl.read.1.tlog
d:\gl\opengl-learning\gllearning\x64\debug\gllearning.tlog\cl.write.1.tlog
d:\gl\opengl-learning\gllearning\x64\debug\gllearning.tlog\link.command.1.tlog
d:\gl\opengl-learning\gllearning\x64\debug\gllearning.tlog\link.read.1.tlog
d:\gl\opengl-learning\gllearning\x64\debug\gllearning.tlog\link.secondary.1.tlog
d:\gl\opengl-learning\gllearning\x64\debug\gllearning.tlog\link.write.1.tlog
